---
source: macros/src/async_generic_target/fn/mod.rs
expression: formatted
---
fn foo() {
    fn bar() {
        #[allow(unused_braces)] #[allow(clippy::blocks_in_conditions)] { 1 }
    }
}
async fn foo_async() {
    fn bar() {
        #[allow(unused_braces)] #[allow(clippy::blocks_in_conditions)] { 0 }
    }
}
